RAM Allocation [bytes]
Variable                                                                          Address   Size
------------------------------------------------------------------------------------------------
step                                                                              0x0269       4
_base_y                                                                           0x026D       4

EEPROM Allocation [bytes]
Variable                                                                          Address   Size
------------------------------------------------------------------------------------------------

Register Allocation
Variable                                                                          Register  Size
------------------------------------------------------------------------------------------------
cooler                                                                            R4,R5        2
heater                                                                            R6,R7        2
_lcd_x                                                                            R9           1
_lcd_y                                                                            R8           1
_lcd_maxx                                                                         R11          1

FLASH Allocation [words]
Function                                                                          Address   Size
------------------------------------------------------------------------------------------------
int_to_char                                                                       0x00090      6
temp_on_lcd                                                                       0x00096     41
status_on_lcd                                                                     0x000BF     31
read_adc                                                                          0x000DE     15
computeDelay                                                                      0x000ED     35
main                                                                              0x00110    266
_lcd_write_nibble_G100                                                            0x0021A     20
_lcd_write_data                                                                   0x0022E     12
lcd_gotoxy                                                                        0x0023A     13
lcd_clear                                                                         0x00247     10
lcd_putchar                                                                       0x00251     21
lcd_puts                                                                          0x00266     15
lcd_putsf                                                                         0x00275     19
lcd_init                                                                          0x00288     43
