RAM Allocation [bytes]
Variable                                                                          Address   Size
------------------------------------------------------------------------------------------------
number                                                                            0x0260      20
operator                                                                          0x0274       4
_base_y                                                                           0x0278       4
_seed                                                                             0x027C       4

EEPROM Allocation [bytes]
Variable                                                                          Address   Size
------------------------------------------------------------------------------------------------

Register Allocation
Variable                                                                          Register  Size
------------------------------------------------------------------------------------------------
count                                                                             R4,R5        2
OP                                                                                R7           1
_lcd_x                                                                            R6           1
_lcd_y                                                                            R9           1
_lcd_maxx                                                                         R8           1

FLASH Allocation [words]
Function                                                                          Address   Size
------------------------------------------------------------------------------------------------
calculate                                                                         0x00078    228
keypad                                                                            0x0015C     85
main                                                                              0x001B1    117
_lcd_write_nibble_G100                                                            0x00226     20
_lcd_write_data                                                                   0x0023A     12
lcd_gotoxy                                                                        0x00246     13
lcd_clear                                                                         0x00253     12
lcd_putchar                                                                       0x0025F     21
lcd_puts                                                                          0x00274     17
lcd_init                                                                          0x00285     46
put_buff_G102                                                                     0x002B3     64
_print_G102                                                                       0x002F3    308
sprintf                                                                           0x00427     52
strlen                                                                            0x0045B     12
strlenf                                                                           0x00467     13
